
[ERROR] 2026-09-09 15:28:45,067 - 目标页面无法访问，检测终止
[INFO] 2026-09-11 17:54:57,172 - 二次验证通过,确认字符型SQL注入
[INFO] 2026-09-11 17:54:57,250 - 列数猜解完成：3 列
[WARNING] 2026-09-11 17:54:57,281 - 未找到回显位，不支持联合查询注入
[INFO] 2026-09-11 17:55:03,392 - 二次验证通过，确认时间盲注可用
[INFO] 2026-09-11 17:55:03,393 - ===== 开始盲注脱库 =====
[INFO] 2026-09-11 17:55:33,840 - 二次验证通过,确认字符型SQL注入
[INFO] 2026-09-11 17:55:33,872 - 列数猜解完成：0 列
[INFO] 2026-09-11 17:55:50,039 - 二次验证通过，确认布尔盲注可用
[INFO] 2026-09-11 17:55:50,039 - 通过布尔状态确认存在字符型注入
[WARNING] 2026-09-11 17:55:50,303 - 列数探测失败，超过上限 20，判定为无报错注入场景
[INFO] 2026-09-11 17:55:50,382 - 二次验证通过，确认布尔盲注可用
[INFO] 2026-09-11 17:55:50,383 - ===== 开始盲注脱库 =====
[INFO] 2026-09-11 17:56:31,498 - 二次验证通过,确认字符型SQL注入
[INFO] 2026-09-11 17:56:31,552 - 列数猜解完成：3 列
[WARNING] 2026-09-11 17:56:31,576 - 未找到回显位，不支持联合查询注入
[INFO] 2026-09-11 17:56:37,642 - 二次验证通过，确认时间盲注可用
[INFO] 2026-09-11 17:56:37,642 - ===== 开始盲注脱库 =====
[INFO] 2026-09-11 17:57:18,453 - 二次验证通过,确认字符型SQL注入
[INFO] 2026-09-11 17:57:18,485 - 列数猜解完成：0 列
[INFO] 2026-09-11 17:59:50,504 - 二次验证通过,确认字符型SQL注入
[INFO] 2026-09-11 17:59:50,536 - 列数猜解完成：0 列
[INFO] 2026-09-11 18:01:33,073 - 二次验证通过,确认字符型SQL注入
[INFO] 2026-09-11 18:01:33,134 - 列数猜解完成：3 列
[WARNING] 2026-09-11 18:01:33,165 - 未找到回显位，不支持联合查询注入
[INFO] 2026-09-11 18:01:39,250 - 二次验证通过，确认时间盲注可用
[INFO] 2026-09-11 18:01:39,251 - ===== 开始盲注脱库 =====
[INFO] 2026-09-11 18:06:14,596 - 二次验证通过,确认字符型SQL注入
[INFO] 2026-09-11 18:06:14,676 - 列数猜解完成：3 列
[WARNING] 2026-09-11 18:06:14,694 - 未找到回显位,不支持联合查询注入
[INFO] 2026-09-11 18:06:14,723 - ===== 开始报错注入脱库 =====
[INFO] 2026-09-11 18:06:14,738 - 当前数据库名：security
[INFO] 2026-09-11 18:06:14,754 - 库security下的表：[]
[ERROR] 2026-09-11 18:06:14,754 - 获取表名失败
[INFO] 2026-09-11 18:08:59,701 - 二次验证通过,确认字符型SQL注入
[INFO] 2026-09-11 18:08:59,778 - 列数猜解完成：3 列
[WARNING] 2026-09-11 18:08:59,809 - 未找到回显位,不支持联合查询注入
[INFO] 2026-09-11 18:08:59,824 - ===== 开始报错注入脱库 =====
[INFO] 2026-09-11 18:08:59,841 - 当前数据库名：security
[INFO] 2026-09-11 18:08:59,845 - 库security下的表：[]
[ERROR] 2026-09-11 18:08:59,845 - 获取表名失败
[INFO] 2026-09-11 18:09:23,846 - 二次验证通过,确认字符型SQL注入
[INFO] 2026-09-11 18:09:23,909 - 列数猜解完成：3 列
[WARNING] 2026-09-11 18:09:23,929 - 未找到回显位,不支持联合查询注入
[INFO] 2026-09-11 18:09:23,957 - ===== 开始报错注入脱库 =====
[INFO] 2026-09-11 18:09:23,960 - 当前数据库名：security
[INFO] 2026-09-11 18:09:23,989 - 库security下的表：[]
[ERROR] 2026-09-11 18:09:23,989 - 获取表名失败
[INFO] 2026-09-11 18:09:35,437 - 二次验证通过,确认字符型SQL注入
[INFO] 2026-09-11 18:09:35,494 - 列数猜解完成：3 列
[WARNING] 2026-09-11 18:09:35,538 - 未找到回显位,不支持联合查询注入
[INFO] 2026-09-11 18:09:35,554 - ===== 开始报错注入脱库 =====
[INFO] 2026-09-11 18:09:35,558 - 当前数据库名：security
[INFO] 2026-09-11 18:09:35,586 - 库security下的表：[]
[ERROR] 2026-09-11 18:09:35,586 - 获取表名失败
[INFO] 2026-09-11 18:09:45,122 - 二次验证通过,确认字符型SQL注入
[INFO] 2026-09-11 18:09:45,185 - 列数猜解完成：3 列
[WARNING] 2026-09-11 18:09:45,190 - 未找到回显位,不支持联合查询注入
[INFO] 2026-09-11 18:09:45,194 - ===== 开始报错注入脱库 =====
[INFO] 2026-09-11 18:09:45,214 - 当前数据库名：security
[INFO] 2026-09-11 18:09:45,218 - 库security下的表：[]
[ERROR] 2026-09-11 18:09:45,218 - 获取表名失败
[INFO] 2026-09-11 18:09:52,579 - 二次验证通过,确认字符型SQL注入
[INFO] 2026-09-11 18:09:52,656 - 列数猜解完成：3 列
[WARNING] 2026-09-11 18:09:52,676 - 未找到回显位,不支持联合查询注入
[INFO] 2026-09-11 18:09:52,704 - ===== 开始报错注入脱库 =====
[INFO] 2026-09-11 18:09:52,720 - 当前数据库名：security
[INFO] 2026-09-11 18:09:52,735 - 库security下的表：[]
[ERROR] 2026-09-11 18:09:52,736 - 获取表名失败
[INFO] 2026-09-11 18:13:02,615 - 二次验证通过,确认字符型SQL注入
[INFO] 2026-09-11 18:13:02,672 - 列数猜解完成：3 列
[WARNING] 2026-09-11 18:13:02,703 - 未找到回显位,不支持联合查询注入
[INFO] 2026-09-11 18:13:02,719 - ===== 开始报错注入脱库 =====
[INFO] 2026-09-11 18:13:02,723 - 当前数据库名：security
[INFO] 2026-09-11 18:13:02,727 - 库security下的表：[]
[ERROR] 2026-09-11 18:13:02,728 - 获取表名失败
[INFO] 2026-09-11 18:13:06,458 - 二次验证通过,确认字符型SQL注入
[INFO] 2026-09-11 18:13:06,521 - 列数猜解完成：3 列
[WARNING] 2026-09-11 18:13:06,541 - 未找到回显位,不支持联合查询注入
[INFO] 2026-09-11 18:13:06,553 - ===== 开始报错注入脱库 =====
[INFO] 2026-09-11 18:13:06,569 - 当前数据库名：security
[INFO] 2026-09-11 18:13:06,586 - 库security下的表：[]
[ERROR] 2026-09-11 18:13:06,586 - 获取表名失败
[INFO] 2026-09-11 18:13:07,714 - 二次验证通过,确认字符型SQL注入
[INFO] 2026-09-11 18:13:07,767 - 列数猜解完成：3 列
[WARNING] 2026-09-11 18:13:07,808 - 未找到回显位,不支持联合查询注入
[INFO] 2026-09-11 18:13:07,811 - ===== 开始报错注入脱库 =====
[INFO] 2026-09-11 18:13:07,839 - 当前数据库名：security
[INFO] 2026-09-11 18:13:07,842 - 库security下的表：[]
[ERROR] 2026-09-11 18:13:07,843 - 获取表名失败
[INFO] 2026-09-11 18:13:08,612 - 二次验证通过,确认字符型SQL注入
[INFO] 2026-09-11 18:13:08,702 - 列数猜解完成：3 列
[WARNING] 2026-09-11 18:13:08,710 - 未找到回显位,不支持联合查询注入
[INFO] 2026-09-11 18:13:08,734 - ===== 开始报错注入脱库 =====
[INFO] 2026-09-11 18:13:08,750 - 当前数据库名：security
[INFO] 2026-09-11 18:13:08,765 - 库security下的表：[]
[ERROR] 2026-09-11 18:13:08,765 - 获取表名失败
[INFO] 2026-09-11 18:13:09,456 - 二次验证通过,确认字符型SQL注入
[INFO] 2026-09-11 18:13:09,504 - 列数猜解完成：3 列
[WARNING] 2026-09-11 18:13:09,510 - 未找到回显位,不支持联合查询注入
[INFO] 2026-09-11 18:13:09,513 - ===== 开始报错注入脱库 =====
[INFO] 2026-09-11 18:13:09,531 - 当前数据库名：security
[INFO] 2026-09-11 18:13:09,548 - 库security下的表：[]
[ERROR] 2026-09-11 18:13:09,548 - 获取表名失败
[INFO] 2026-09-11 18:13:10,146 - 二次验证通过,确认字符型SQL注入
[INFO] 2026-09-11 18:13:10,213 - 列数猜解完成：3 列
[WARNING] 2026-09-11 18:13:10,256 - 未找到回显位,不支持联合查询注入
[INFO] 2026-09-11 18:13:10,271 - ===== 开始报错注入脱库 =====
[INFO] 2026-09-11 18:13:10,274 - 当前数据库名：security
[INFO] 2026-09-11 18:13:10,302 - 库security下的表：[]
[ERROR] 2026-09-11 18:13:10,302 - 获取表名失败
[INFO] 2026-09-11 18:13:10,511 - 二次验证通过,确认字符型SQL注入
[INFO] 2026-09-11 18:13:10,568 - 列数猜解完成：3 列
[WARNING] 2026-09-11 18:13:10,600 - 未找到回显位,不支持联合查询注入
[INFO] 2026-09-11 18:13:10,604 - ===== 开始报错注入脱库 =====
[INFO] 2026-09-11 18:13:10,632 - 当前数据库名：security
[INFO] 2026-09-11 18:13:10,647 - 库security下的表：[]
[ERROR] 2026-09-11 18:13:10,648 - 获取表名失败
[INFO] 2026-09-11 18:13:10,886 - 二次验证通过,确认字符型SQL注入
[INFO] 2026-09-11 18:13:10,911 - 列数猜解完成：3 列
[WARNING] 2026-09-11 18:13:10,917 - 未找到回显位,不支持联合查询注入
[INFO] 2026-09-11 18:13:10,920 - ===== 开始报错注入脱库 =====
[INFO] 2026-09-11 18:13:10,923 - 当前数据库名：security
[INFO] 2026-09-11 18:13:10,947 - 库security下的表：[]
[ERROR] 2026-09-11 18:13:10,947 - 获取表名失败
[INFO] 2026-09-11 18:13:11,121 - 二次验证通过,确认字符型SQL注入
[INFO] 2026-09-11 18:13:11,135 - 列数猜解完成：3 列
[WARNING] 2026-09-11 18:13:11,142 - 未找到回显位,不支持联合查询注入
[INFO] 2026-09-11 18:13:11,145 - ===== 开始报错注入脱库 =====
[INFO] 2026-09-11 18:13:11,166 - 当前数据库名：security
[INFO] 2026-09-11 18:13:11,184 - 库security下的表：[]
[ERROR] 2026-09-11 18:13:11,184 - 获取表名失败
[INFO] 2026-09-11 18:13:11,386 - 二次验证通过,确认字符型SQL注入
[INFO] 2026-09-11 18:13:11,461 - 列数猜解完成：3 列
[WARNING] 2026-09-11 18:13:11,492 - 未找到回显位,不支持联合查询注入
[INFO] 2026-09-11 18:13:11,495 - ===== 开始报错注入脱库 =====
[INFO] 2026-09-11 18:13:11,523 - 当前数据库名：security
[INFO] 2026-09-11 18:13:11,539 - 库security下的表：[]
[ERROR] 2026-09-11 18:13:11,539 - 获取表名失败
[INFO] 2026-09-11 18:13:17,235 - 二次验证通过,确认字符型SQL注入
[INFO] 2026-09-11 18:13:17,286 - 列数猜解完成：3 列
[WARNING] 2026-09-11 18:13:17,328 - 未找到回显位,不支持联合查询注入
[INFO] 2026-09-11 18:13:17,344 - ===== 开始报错注入脱库 =====
[INFO] 2026-09-11 18:13:17,347 - 当前数据库名：security
[INFO] 2026-09-11 18:13:17,376 - 库security下的表：[]
[ERROR] 2026-09-11 18:13:17,376 - 获取表名失败
[INFO] 2026-09-11 18:16:07,796 - 二次验证通过,确认字符型SQL注入
[INFO] 2026-09-11 18:16:07,846 - 列数猜解完成：3 列
[WARNING] 2026-09-11 18:16:07,886 - 未找到回显位,不支持联合查询注入
[INFO] 2026-09-11 18:16:07,902 - ===== 开始报错注入脱库 =====
[INFO] 2026-09-11 18:16:07,917 - 当前数据库名：security
[INFO] 2026-09-11 18:16:07,934 - 库security下的表：[]
[ERROR] 2026-09-11 18:16:07,934 - 获取表名失败
[INFO] 2026-09-11 18:19:42,900 - 二次验证通过,确认字符型SQL注入
[INFO] 2026-09-11 18:19:42,963 - 列数猜解完成：3 列
[WARNING] 2026-09-11 18:19:42,982 - 未找到回显位,不支持联合查询注入
[INFO] 2026-09-11 18:19:42,995 - ===== 开始报错注入脱库 =====
[INFO] 2026-09-11 18:19:42,999 - 当前数据库名：security
[INFO] 2026-09-11 18:19:43,003 - 库security下的表：[]
[ERROR] 2026-09-11 18:19:43,004 - 获取表名失败
[INFO] 2026-09-11 18:20:38,300 - 二次验证通过,确认字符型SQL注入
[INFO] 2026-09-11 18:20:38,374 - 列数猜解完成：3 列
[WARNING] 2026-09-11 18:20:38,390 - 未找到回显位,不支持联合查询注入
[INFO] 2026-09-11 18:20:38,394 - ===== 开始报错注入脱库 =====
[INFO] 2026-09-11 18:20:38,397 - 当前数据库名：security
[INFO] 2026-09-11 18:20:38,423 - 库security下的表：[]
[ERROR] 2026-09-11 18:20:38,423 - 获取表名失败
[INFO] 2026-09-11 18:23:48,261 - 二次验证通过,确认字符型SQL注入
[INFO] 2026-09-11 18:23:48,311 - 列数猜解完成：3 列
[WARNING] 2026-09-11 18:23:48,340 - 未找到回显位,不支持联合查询注入
[INFO] 2026-09-11 18:23:48,343 - ===== 开始报错注入脱库 =====
[INFO] 2026-09-11 18:23:48,370 - 当前数据库名：security
[INFO] 2026-09-11 18:23:48,386 - 库security下的表：['emails', 'referers', 'uagents', 'users']
[INFO] 2026-09-11 18:23:48,390 - 表 users 的列：['id', 'username', 'password']
[INFO] 2026-09-11 18:23:48,393 - 脱取数据：[{'username': 'Dumb', 'password': 'Dumb'}, {'username': 'Angelina', 'password': 'I-kill-you'}]
[INFO] 2026-09-11 18:24:08,264 - 二次验证通过,确认字符型SQL注入
[INFO] 2026-09-11 18:24:08,313 - 列数猜解完成：3 列
[WARNING] 2026-09-11 18:24:08,318 - 未找到回显位,不支持联合查询注入
[INFO] 2026-09-11 18:24:08,339 - ===== 开始报错注入脱库 =====
[INFO] 2026-09-11 18:24:08,342 - 当前数据库名：security
[INFO] 2026-09-11 18:24:08,371 - 库security下的表：['emails', 'referers', 'uagents', 'users']
[INFO] 2026-09-11 18:24:08,387 - 表 users 的列：['id', 'username', 'password']
[INFO] 2026-09-11 18:24:08,404 - 脱取数据：[{'username': 'Dumb', 'password': 'Dumb'}, {'username': 'Angelina', 'password': 'I-kill-you'}]
[INFO] 2026-09-11 18:25:04,070 - 二次验证通过,确认字符型SQL注入
[INFO] 2026-09-11 18:25:04,133 - 列数猜解完成：3 列
[WARNING] 2026-09-11 18:25:04,161 - 未找到回显位,不支持联合查询注入
[INFO] 2026-09-11 18:25:04,176 - ===== 开始报错注入脱库 =====
[INFO] 2026-09-11 18:25:04,192 - 当前数据库名：security
[INFO] 2026-09-11 18:25:04,195 - 库security下的表：['emails', 'referers', 'uagents', 'users']
[INFO] 2026-09-11 18:25:04,223 - 表 users 的列：['id', 'username', 'password']
[INFO] 2026-09-11 18:25:04,227 - 脱取数据：[{'username': 'Dumb', 'password': 'Dumb'}, {'username': 'Angelina', 'password': 'I-kill-you'}]
[INFO] 2026-09-11 18:28:12,450 - 二次验证通过,确认字符型SQL注入
[INFO] 2026-09-11 18:28:12,513 - 列数猜解完成：3 列
[INFO] 2026-09-11 18:28:12,545 - 定位到回显位：[2, 3]
[INFO] 2026-09-11 18:28:12,545 - ===== 开始联合注入脱库 =====
[INFO] 2026-09-11 18:28:12,623 - 列数猜解完成：3 列
[INFO] 2026-09-11 18:28:12,655 - 定位到回显位：[2, 3]
[INFO] 2026-09-11 18:28:12,659 - 当前数据库名：security
[INFO] 2026-09-11 18:28:12,686 - 库security下的表：['emails', 'referers', 'uagents', 'users']
[INFO] 2026-09-11 18:28:12,702 - 表 users 的列：['id', 'username', 'password']
[INFO] 2026-09-11 18:28:12,707 - 脱取数据：[{'username': 'Dumb', 'password': 'Dumb'}, {'username': 'Angelina', 'password': 'I-kill-you'}, {'username': 'Dummy', 'password': 'p@ssword'}, {'username': 'secure', 'password': 'crappy'}, {'username': 'stupid', 'password': 'stupidity'}, {'username': 'superman', 'password': 'genious'}, {'username': 'batman', 'password': 'mob!le'}, {'username': 'admin', 'password': ''}, {'username': 'admin1', 'password': 'admin1'}, {'username': 'admin2', 'password': 'admin2'}, {'username': 'admin3', 'password': 'admin3'}, {'username': 'dhakkan', 'password': 'dumbo'}, {'username': 'admin4', 'password': 'admin4'}, {'username': "admin' -- -", 'password': '11111'}]
[INFO] 2026-09-11 18:29:00,582 - 二次验证通过，确认布尔盲注可用
[INFO] 2026-09-11 18:29:00,582 - 通过布尔状态确认存在字符型注入
[WARNING] 2026-09-11 18:29:00,890 - 列数探测失败，超过上限 20，判定为无报错注入场景
[INFO] 2026-09-11 18:29:00,969 - 二次验证通过，确认布尔盲注可用
[INFO] 2026-09-11 18:29:00,969 - ===== 开始盲注脱库 =====
